Starting org.bukkit.craftbukkit.Main
2026-09-12T09:04:06.796627045Z ServerMain WARN Advanced terminal features are not available in this environment
[11:04:07 INFO]: [bootstrap] Running Java 25 (OpenJDK 64-Bit Server VM 25.0.2+10; N/A (nix)) on Linux 6.18.40 (amd64)
[11:04:07 INFO]: [bootstrap] Loading Paper 26.2-123-main@5001879 (2026-09-09T17:32:22Z) for Minecraft 26.2
[11:04:07 INFO]: [PluginInitializerManager] Initializing plugins...
[11:04:07 WARN]: [oshi.software.os.linux.LinuxOperatingSystem] Did not find udev library in operating system. Some features may not work.
[11:04:08 INFO]: [PluginInitializerManager] Initialized 2 plugins
[11:04:08 INFO]: [PluginInitializerManager] Paper plugins (2):
 - PurrCore (1.0.0), PurrSkills (1.0.0)
WARNING: A terminally deprecated method in sun.misc.Unsafe has been called
WARNING: sun.misc.Unsafe::objectFieldOffset has been called by org.joml.MemUtil$MemUtilUnsafe (file:/home/lucy/Documents/git/mcplugins/PurrSkills/server/libraries/org/joml/joml/1.10.8/joml-1.10.8.jar)
WARNING: Please consider reporting this to the maintainers of class org.joml.MemUtil$MemUtilUnsafe
WARNING: sun.misc.Unsafe::objectFieldOffset will be removed in a future release
[11:04:19 INFO]: [ca.spottedleaf.dataconverter.minecraft.datatypes.MCTypeRegistry] Initialising converters for DataConverter...
[11:04:19 INFO]: Environment: Environment[sessionHost=https://sessionserver.mojang.com, servicesHost=https://api.minecraftservices.com, profilesHost=https://api.mojang.com, name=PROD]
[11:04:21 INFO]: [ca.spottedleaf.dataconverter.minecraft.datatypes.MCTypeRegistry] Finished initialising converters for DataConverter in 1,823.9ms
[11:04:26 INFO]: Loaded 1585 recipes
[11:04:26 INFO]: Loaded 1688 advancements
[11:04:26 INFO]: Starting minecraft server version 26.2
[11:04:26 INFO]: Loading properties
[11:04:26 INFO]: This server is running Paper version 26.2-123-main@5001879 (2026-09-09T17:32:22Z) (Implementing API version 26.2.build.123-stable)
[11:04:27 INFO]: [spark] This server bundles the spark profiler. For more information please visit https://docs.papermc.io/paper/profiling
[11:04:27 INFO]: Server Ping Player Sample Count: 12
[11:04:27 INFO]: Using 4 threads for Netty based IO
[11:04:27 INFO]: [MoonriseCommon] Paper is using 1 worker threads, 1 I/O threads
[11:04:28 INFO]: Default game type: SURVIVAL
[11:04:28 INFO]: Generating keypair
[11:04:28 INFO]: Starting Minecraft server on *:25565
[11:04:28 INFO]: Paper: Using libdeflate (Linux x86_64) compression from Velocity.
[11:04:28 INFO]: Paper: Using Java cipher from Velocity.
[11:04:28 INFO]: [PurrCore] Loading server plugin PurrCore v1.0.0
[11:04:28 INFO]: [PurrSkills] Loading server plugin PurrSkills v1.0.0
[11:04:28 INFO]: Server permissions file permissions.yml is empty, ignoring it
[11:04:28 INFO]: Preparing level "world"
[11:04:29 INFO]: -------- World Settings For [minecraft:overworld] --------
[11:04:29 INFO]: View Distance: 10
[11:04:29 INFO]: Simulation Distance: 10
[11:04:29 INFO]: Item Merge Radius: 2.5
[11:04:29 INFO]: Experience Merge Radius: 3.0
[11:04:29 INFO]: Mob Spawn Range: 6
[11:04:29 INFO]: Item Despawn Rate: 6000
[11:04:29 INFO]: Arrow Despawn Rate: 1200 Trident Despawn Rate:1200
[11:04:29 INFO]: Zombie Aggressive Towards Villager: true
[11:04:29 INFO]: Nerfing mobs spawned from spawners: false
[11:04:29 INFO]: Allow Zombie Pigmen to spawn from portal blocks: true
[11:04:29 INFO]: Cactus Growth Modifier: 100%
[11:04:29 INFO]: Cane Growth Modifier: 100%
[11:04:29 INFO]: Melon Growth Modifier: 100%
[11:04:29 INFO]: Mushroom Growth Modifier: 100%
[11:04:29 INFO]: Pumpkin Growth Modifier: 100%
[11:04:29 INFO]: Sapling Growth Modifier: 100%
[11:04:29 INFO]: Beetroot Growth Modifier: 100%
[11:04:29 INFO]: Carrot Growth Modifier: 100%
[11:04:29 INFO]: Potato Growth Modifier: 100%
[11:04:29 INFO]: TorchFlower Growth Modifier: 100%
[11:04:29 INFO]: Wheat Growth Modifier: 100%
[11:04:29 INFO]: NetherWart Growth Modifier: 100%
[11:04:29 INFO]: Vine Growth Modifier: 100%
[11:04:29 INFO]: Cocoa Growth Modifier: 100%
[11:04:29 INFO]: Bamboo Growth Modifier: 100%
[11:04:29 INFO]: SweetBerry Growth Modifier: 100%
[11:04:29 INFO]: Kelp Growth Modifier: 100%
[11:04:29 INFO]: TwistingVines Growth Modifier: 100%
[11:04:29 INFO]: WeepingVines Growth Modifier: 100%
[11:04:29 INFO]: CaveVines Growth Modifier: 100%
[11:04:29 INFO]: GlowBerry Growth Modifier: 100%
[11:04:29 INFO]: PitcherPlant Growth Modifier: 100%
[11:04:29 INFO]: Entity Activation Range: An 32 / Mo 32 / Ra 48 / Mi 16 / Tiv true / Isa false
[11:04:29 INFO]: Entity Tracking Range: Pl 48 / An 48 / Mo 48 / Mi 32 / Di 128 / Other 64
[11:04:29 INFO]: Hopper Transfer: 8 Hopper Check: 1 Hopper Amount: 1 Hopper Can Load Chunks: false
[11:04:29 INFO]: Custom Map Seeds:  Village: 10387312 Desert: 14357617 Igloo: 14357618 Jungle: 14357619 Swamp: 14357620 Monument: 10387313 Ocean: 14357621 Shipwreck: 165745295 End City: 10387313 Slime: 987234911 Nether: 30084232 Mansion: 10387319 Fossil: 14357921 Portal: 34222645
[11:04:29 INFO]: Max TNT Explosions: 100
[11:04:29 INFO]: Tile Max Tick Time: 50ms Entity max Tick Time: 50ms
[11:04:29 INFO]: -------- World Settings For [minecraft:the_nether] --------
[11:04:29 INFO]: View Distance: 10
[11:04:29 INFO]: Simulation Distance: 10
[11:04:29 INFO]: Item Merge Radius: 2.5
[11:04:29 INFO]: Experience Merge Radius: 3.0
[11:04:29 INFO]: Mob Spawn Range: 6
[11:04:29 INFO]: Item Despawn Rate: 6000
[11:04:29 INFO]: Arrow Despawn Rate: 1200 Trident Despawn Rate:1200
[11:04:29 INFO]: Zombie Aggressive Towards Villager: true
[11:04:29 INFO]: Nerfing mobs spawned from spawners: false
[11:04:29 INFO]: Allow Zombie Pigmen to spawn from portal blocks: true
[11:04:29 INFO]: Cactus Growth Modifier: 100%
[11:04:29 INFO]: Cane Growth Modifier: 100%
[11:04:29 INFO]: Melon Growth Modifier: 100%
[11:04:29 INFO]: Mushroom Growth Modifier: 100%
[11:04:29 INFO]: Pumpkin Growth Modifier: 100%
[11:04:29 INFO]: Sapling Growth Modifier: 100%
[11:04:29 INFO]: Beetroot Growth Modifier: 100%
[11:04:29 INFO]: Carrot Growth Modifier: 100%
[11:04:29 INFO]: Potato Growth Modifier: 100%
[11:04:29 INFO]: TorchFlower Growth Modifier: 100%
[11:04:29 INFO]: Wheat Growth Modifier: 100%
[11:04:29 INFO]: NetherWart Growth Modifier: 100%
[11:04:29 INFO]: Vine Growth Modifier: 100%
[11:04:29 INFO]: Cocoa Growth Modifier: 100%
[11:04:29 INFO]: Bamboo Growth Modifier: 100%
[11:04:29 INFO]: SweetBerry Growth Modifier: 100%
[11:04:29 INFO]: Kelp Growth Modifier: 100%
[11:04:29 INFO]: TwistingVines Growth Modifier: 100%
[11:04:29 INFO]: WeepingVines Growth Modifier: 100%
[11:04:29 INFO]: CaveVines Growth Modifier: 100%
[11:04:29 INFO]: GlowBerry Growth Modifier: 100%
[11:04:29 INFO]: PitcherPlant Growth Modifier: 100%
[11:04:29 INFO]: Entity Activation Range: An 32 / Mo 32 / Ra 48 / Mi 16 / Tiv true / Isa false
[11:04:29 INFO]: Entity Tracking Range: Pl 48 / An 48 / Mo 48 / Mi 32 / Di 128 / Other 64
[11:04:29 INFO]: Hopper Transfer: 8 Hopper Check: 1 Hopper Amount: 1 Hopper Can Load Chunks: false
[11:04:29 INFO]: Custom Map Seeds:  Village: 10387312 Desert: 14357617 Igloo: 14357618 Jungle: 14357619 Swamp: 14357620 Monument: 10387313 Ocean: 14357621 Shipwreck: 165745295 End City: 10387313 Slime: 987234911 Nether: 30084232 Mansion: 10387319 Fossil: 14357921 Portal: 34222645
[11:04:29 INFO]: Max TNT Explosions: 100
[11:04:29 INFO]: Tile Max Tick Time: 50ms Entity max Tick Time: 50ms
[11:04:29 INFO]: -------- World Settings For [minecraft:the_end] --------
[11:04:29 INFO]: View Distance: 10
[11:04:29 INFO]: Simulation Distance: 10
[11:04:29 INFO]: Item Merge Radius: 2.5
[11:04:29 INFO]: Experience Merge Radius: 3.0
[11:04:29 INFO]: Mob Spawn Range: 6
[11:04:29 INFO]: Item Despawn Rate: 6000
[11:04:29 INFO]: Arrow Despawn Rate: 1200 Trident Despawn Rate:1200
[11:04:29 INFO]: Zombie Aggressive Towards Villager: true
[11:04:29 INFO]: Nerfing mobs spawned from spawners: false
[11:04:29 INFO]: Allow Zombie Pigmen to spawn from portal blocks: true
[11:04:29 INFO]: Cactus Growth Modifier: 100%
[11:04:29 INFO]: Cane Growth Modifier: 100%
[11:04:29 INFO]: Melon Growth Modifier: 100%
[11:04:29 INFO]: Mushroom Growth Modifier: 100%
[11:04:29 INFO]: Pumpkin Growth Modifier: 100%
[11:04:29 INFO]: Sapling Growth Modifier: 100%
[11:04:29 INFO]: Beetroot Growth Modifier: 100%
[11:04:29 INFO]: Carrot Growth Modifier: 100%
[11:04:29 INFO]: Potato Growth Modifier: 100%
[11:04:29 INFO]: TorchFlower Growth Modifier: 100%
[11:04:29 INFO]: Wheat Growth Modifier: 100%
[11:04:29 INFO]: NetherWart Growth Modifier: 100%
[11:04:29 INFO]: Vine Growth Modifier: 100%
[11:04:29 INFO]: Cocoa Growth Modifier: 100%
[11:04:29 INFO]: Bamboo Growth Modifier: 100%
[11:04:29 INFO]: SweetBerry Growth Modifier: 100%
[11:04:29 INFO]: Kelp Growth Modifier: 100%
[11:04:29 INFO]: TwistingVines Growth Modifier: 100%
[11:04:29 INFO]: WeepingVines Growth Modifier: 100%
[11:04:29 INFO]: CaveVines Growth Modifier: 100%
[11:04:29 INFO]: GlowBerry Growth Modifier: 100%
[11:04:29 INFO]: PitcherPlant Growth Modifier: 100%
[11:04:29 INFO]: Entity Activation Range: An 32 / Mo 32 / Ra 48 / Mi 16 / Tiv true / Isa false
[11:04:29 INFO]: Entity Tracking Range: Pl 48 / An 48 / Mo 48 / Mi 32 / Di 128 / Other 64
[11:04:29 INFO]: Hopper Transfer: 8 Hopper Check: 1 Hopper Amount: 1 Hopper Can Load Chunks: false
[11:04:29 INFO]: Custom Map Seeds:  Village: 10387312 Desert: 14357617 Igloo: 14357618 Jungle: 14357619 Swamp: 14357620 Monument: 10387313 Ocean: 14357621 Shipwreck: 165745295 End City: 10387313 Slime: 987234911 Nether: 30084232 Mansion: 10387319 Fossil: 14357921 Portal: 34222645
[11:04:29 INFO]: Max TNT Explosions: 100
[11:04:29 INFO]: Tile Max Tick Time: 50ms Entity max Tick Time: 50ms
[11:04:30 INFO]: Loading 0 persistent chunks for level 'minecraft:overworld'...
[11:04:30 INFO]: Preparing spawn area: 100%
[11:04:30 INFO]: Prepared spawn area in 10 ms
[11:04:30 INFO]: Loading 0 persistent chunks for level 'minecraft:the_nether'...
[11:04:30 INFO]: Preparing spawn area: 100%
[11:04:30 INFO]: Prepared spawn area in 10 ms
[11:04:30 INFO]: Loading 0 persistent chunks for level 'minecraft:the_end'...
[11:04:30 INFO]: Prepared spawn area in 3 ms
[11:04:30 INFO]: Done preparing level "world" (1.263s)
[11:04:30 INFO]: [PurrCore] Enabling PurrCore v1.0.0
[11:04:30 INFO]: [PurrCore] I18n loaded lang=en (8 keys)
[11:04:30 INFO]: [PurrCore] SQLite URL: jdbc:sqlite:/home/lucy/Documents/git/mcplugins/PurrSkills/server/plugins/PurrCore/database.db
[11:04:30 INFO]: [com.zaxxer.hikari.HikariDataSource] PurrCore-Hikari - Starting...
[11:04:30 INFO]: [com.zaxxer.hikari.pool.HikariPool] PurrCore-Hikari - Added connection org.sqlite.jdbc4.JDBC4Connection@bdc5020
[11:04:30 INFO]: [com.zaxxer.hikari.HikariDataSource] PurrCore-Hikari - Start completed.
[11:04:30 INFO]: [PurrCore] DB connected [sqlite] pool=1
[11:04:30 INFO]: [PurrCore] DB migrate done (PurrCore)
[11:04:30 INFO]: [PurrCore] PurrCore enabled (DB=ok) — use everywhere
[11:04:30 INFO]: [PurrSkills] Enabling PurrSkills v1.0.0
[11:04:30 INFO]: [PurrSkills] PurrSkills database tables initialized
[11:04:31 INFO]: [PurrSkills] Registered commands: /skills, /stats, /skillsmenu
[11:04:31 INFO]: [PurrSkills] Periodic autosave started (interval: 5min)
[11:04:31 INFO]: [PurrSkills] PurrSkills enabled - using PurrCore (DB=true)
[11:04:31 INFO]: [spark] Starting background profiler...
[11:04:32 INFO]: Saving chunks for level 'ServerLevel[world]'/minecraft:overworld
[11:04:32 INFO]: Saving chunks for level 'ServerLevel[world]'/minecraft:the_nether
[11:04:32 INFO]: Saving chunks for level 'ServerLevel[world]'/minecraft:the_end
[11:04:32 INFO]: ThreadedAnvilChunkStorage (world): All chunks are saved
[11:04:32 INFO]: ThreadedAnvilChunkStorage (DIM-1): All chunks are saved
[11:04:32 INFO]: ThreadedAnvilChunkStorage (DIM1): All chunks are saved
[11:04:32 INFO]: ThreadedAnvilChunkStorage: All dimensions are saved
[11:04:32 INFO]: Running delayed init tasks
[11:04:32 INFO]: Done (27.488s)! For help, type "help"
[11:06:55 INFO]: Stopping server
[11:06:55 INFO]: [PurrSkills] Disabling PurrSkills v1.0.0
[11:06:55 INFO]: [PurrSkills] Saving all player skills...
[11:06:55 INFO]: [PurrSkills] Saved skills for 0 players
[11:06:55 INFO]: [PurrSkills] PurrSkills disabled
[11:06:55 INFO]: [PurrCore] Disabling PurrCore v1.0.0
[11:06:55 INFO]: [com.zaxxer.hikari.HikariDataSource] PurrCore-Hikari - Shutdown initiated...
[11:06:55 INFO]: [com.zaxxer.hikari.HikariDataSource] PurrCore-Hikari - Shutdown completed.
[11:06:55 INFO]: [PurrCore] DB pool closed
[11:06:55 INFO]: [PurrCore] PurrCore disabled
[11:06:55 INFO]: Saving players
[11:06:55 INFO]: Saving worlds
[11:06:55 INFO]: Saving chunks for level 'ServerLevel[world]'/minecraft:overworld
[11:06:55 INFO]: [ChunkHolderManager] Waiting 60s for chunk system to halt for world 'minecraft:overworld'
[11:06:55 INFO]: [ChunkHolderManager] Halted chunk system for world 'minecraft:overworld'
[11:06:55 INFO]: [ChunkHolderManager] Saving all chunkholders for world 'minecraft:overworld'
[11:06:55 INFO]: [ChunkHolderManager] Saved 0 block chunks, 0 entity chunks, 0 poi chunks in world 'minecraft:overworld' in 0.00s
[11:06:55 INFO]: [ChunkHolderManager] Waiting 60s for chunk I/O to halt for world 'minecraft:overworld'
[11:06:55 INFO]: [ChunkHolderManager] Halted I/O scheduler for world 'minecraft:overworld'
[11:06:55 INFO]: Saving chunks for level 'ServerLevel[world]'/minecraft:the_nether
[11:06:55 INFO]: [ChunkHolderManager] Waiting 60s for chunk system to halt for world 'minecraft:the_nether'
[11:06:55 INFO]: [ChunkHolderManager] Halted chunk system for world 'minecraft:the_nether'
[11:06:55 INFO]: [ChunkHolderManager] Saving all chunkholders for world 'minecraft:the_nether'
[11:06:55 INFO]: [ChunkHolderManager] Saved 0 block chunks, 0 entity chunks, 0 poi chunks in world 'minecraft:the_nether' in 0.00s
[11:06:55 INFO]: [ChunkHolderManager] Waiting 60s for chunk I/O to halt for world 'minecraft:the_nether'
[11:06:55 INFO]: [ChunkHolderManager] Halted I/O scheduler for world 'minecraft:the_nether'
[11:06:55 INFO]: Saving chunks for level 'ServerLevel[world]'/minecraft:the_end
[11:06:55 INFO]: [ChunkHolderManager] Waiting 60s for chunk system to halt for world 'minecraft:the_end'
[11:06:55 INFO]: [ChunkHolderManager] Halted chunk system for world 'minecraft:the_end'
[11:06:55 INFO]: [ChunkHolderManager] Saving all chunkholders for world 'minecraft:the_end'
[11:06:55 INFO]: [ChunkHolderManager] Saved 0 block chunks, 0 entity chunks, 0 poi chunks in world 'minecraft:the_end' in 0.00s
[11:06:55 INFO]: [ChunkHolderManager] Waiting 60s for chunk I/O to halt for world 'minecraft:the_end'
[11:06:55 INFO]: [ChunkHolderManager] Halted I/O scheduler for world 'minecraft:the_end'
[11:06:55 INFO]: ThreadedAnvilChunkStorage (world): All chunks are saved
[11:06:55 INFO]: ThreadedAnvilChunkStorage (DIM-1): All chunks are saved
[11:06:55 INFO]: ThreadedAnvilChunkStorage (DIM1): All chunks are saved
[11:06:55 INFO]: ThreadedAnvilChunkStorage: All dimensions are saved
[11:06:55 INFO]: Waiting for all RegionFile I/O tasks to complete...
[11:06:55 INFO]: All RegionFile I/O tasks to complete
[11:06:55 INFO]: [MoonriseCommon] Awaiting termination of worker pool for up to 60s...
[11:06:55 INFO]: [MoonriseCommon] Awaiting termination of I/O pool for up to 60s...
