[10:12:29] [ServerMain/INFO]: [bootstrap] Running Java 25 (OpenJDK 64-Bit Server VM 25.0.2+10; N/A (nix)) on Linux 6.18.40 (amd64)
[10:12:29] [ServerMain/INFO]: [bootstrap] Loading Paper 26.2-123-main@5001879 (2026-09-09T17:32:22Z) for Minecraft 26.2
[10:12:29] [ServerMain/INFO]: [PluginInitializerManager] Initializing plugins...
[10:12:29] [CrashReport preload thread/WARN]: [oshi.software.os.linux.LinuxOperatingSystem] Did not find udev library in operating system. Some features may not work.
[10:12:30] [ServerMain/INFO]: [PluginInitializerManager] Initialized 2 plugins
[10:12:30] [ServerMain/INFO]: [PluginInitializerManager] Paper plugins (2):
 - PurrCore (1.0.0), PurrSkills (1.0.0)
[10:12:40] [DataConverter MCTypeRegistry init thread/INFO]: [ca.spottedleaf.dataconverter.minecraft.datatypes.MCTypeRegistry] Initialising converters for DataConverter...
[10:12:40] [ServerMain/INFO]: Environment: Environment[sessionHost=https://sessionserver.mojang.com, servicesHost=https://api.minecraftservices.com, profilesHost=https://api.mojang.com, name=PROD]
[10:12:42] [DataConverter MCTypeRegistry init thread/INFO]: [ca.spottedleaf.dataconverter.minecraft.datatypes.MCTypeRegistry] Finished initialising converters for DataConverter in 2,140.6ms
[10:12:51] [ServerMain/INFO]: Loaded 1585 recipes
[10:12:51] [ServerMain/INFO]: Loaded 1688 advancements
[10:12:52] [Server thread/INFO]: Starting minecraft server version 26.2
[10:12:52] [Server thread/INFO]: Loading properties
[10:12:52] [Server thread/INFO]: This server is running Paper version 26.2-123-main@5001879 (2026-09-09T17:32:22Z) (Implementing API version 26.2.build.123-stable)
[10:12:52] [Server thread/INFO]: [spark] This server bundles the spark profiler. For more information please visit https://docs.papermc.io/paper/profiling
[10:12:52] [Server thread/INFO]: Server Ping Player Sample Count: 12
[10:12:52] [Server thread/INFO]: Using 4 threads for Netty based IO
[10:12:53] [Server thread/INFO]: [MoonriseCommon] Paper is using 1 worker threads, 1 I/O threads
[10:12:54] [Server thread/INFO]: Default game type: SURVIVAL
[10:12:54] [Server thread/INFO]: Generating keypair
[10:12:54] [Server thread/INFO]: Starting Minecraft server on *:25565
[10:12:54] [Server thread/INFO]: Paper: Using libdeflate (Linux x86_64) compression from Velocity.
[10:12:54] [Server thread/INFO]: Paper: Using Java cipher from Velocity.
[10:12:54] [Server thread/INFO]: [PurrCore] Loading server plugin PurrCore v1.0.0
[10:12:54] [Server thread/INFO]: [PurrSkills] Loading server plugin PurrSkills v1.0.0
[10:12:54] [Server thread/INFO]: Server permissions file permissions.yml is empty, ignoring it
[10:12:54] [Server thread/INFO]: Preparing level "world"
[10:12:54] [Server thread/INFO]: -------- World Settings For [minecraft:overworld] --------
[10:12:54] [Server thread/INFO]: View Distance: 10
[10:12:55] [Server thread/INFO]: Simulation Distance: 10
[10:12:55] [Server thread/INFO]: Item Merge Radius: 2.5
[10:12:55] [Server thread/INFO]: Experience Merge Radius: 3.0
[10:12:55] [Server thread/INFO]: Mob Spawn Range: 6
[10:12:55] [Server thread/INFO]: Item Despawn Rate: 6000
[10:12:55] [Server thread/INFO]: Arrow Despawn Rate: 1200 Trident Despawn Rate:1200
[10:12:55] [Server thread/INFO]: Zombie Aggressive Towards Villager: true
[10:12:55] [Server thread/INFO]: Nerfing mobs spawned from spawners: false
[10:12:55] [Server thread/INFO]: Allow Zombie Pigmen to spawn from portal blocks: true
[10:12:55] [Server thread/INFO]: Cactus Growth Modifier: 100%
[10:12:55] [Server thread/INFO]: Cane Growth Modifier: 100%
[10:12:55] [Server thread/INFO]: Melon Growth Modifier: 100%
[10:12:55] [Server thread/INFO]: Mushroom Growth Modifier: 100%
[10:12:55] [Server thread/INFO]: Pumpkin Growth Modifier: 100%
[10:12:55] [Server thread/INFO]: Sapling Growth Modifier: 100%
[10:12:55] [Server thread/INFO]: Beetroot Growth Modifier: 100%
[10:12:55] [Server thread/INFO]: Carrot Growth Modifier: 100%
[10:12:55] [Server thread/INFO]: Potato Growth Modifier: 100%
[10:12:55] [Server thread/INFO]: TorchFlower Growth Modifier: 100%
[10:12:55] [Server thread/INFO]: Wheat Growth Modifier: 100%
[10:12:55] [Server thread/INFO]: NetherWart Growth Modifier: 100%
[10:12:55] [Server thread/INFO]: Vine Growth Modifier: 100%
[10:12:55] [Server thread/INFO]: Cocoa Growth Modifier: 100%
[10:12:55] [Server thread/INFO]: Bamboo Growth Modifier: 100%
[10:12:55] [Server thread/INFO]: SweetBerry Growth Modifier: 100%
[10:12:55] [Server thread/INFO]: Kelp Growth Modifier: 100%
[10:12:55] [Server thread/INFO]: TwistingVines Growth Modifier: 100%
[10:12:55] [Server thread/INFO]: WeepingVines Growth Modifier: 100%
[10:12:55] [Server thread/INFO]: CaveVines Growth Modifier: 100%
[10:12:55] [Server thread/INFO]: GlowBerry Growth Modifier: 100%
[10:12:55] [Server thread/INFO]: PitcherPlant Growth Modifier: 100%
[10:12:55] [Server thread/INFO]: Entity Activation Range: An 32 / Mo 32 / Ra 48 / Mi 16 / Tiv true / Isa false
[10:12:55] [Server thread/INFO]: Entity Tracking Range: Pl 48 / An 48 / Mo 48 / Mi 32 / Di 128 / Other 64
[10:12:55] [Server thread/INFO]: Hopper Transfer: 8 Hopper Check: 1 Hopper Amount: 1 Hopper Can Load Chunks: false
[10:12:55] [Server thread/INFO]: Custom Map Seeds:  Village: 10387312 Desert: 14357617 Igloo: 14357618 Jungle: 14357619 Swamp: 14357620 Monument: 10387313 Ocean: 14357621 Shipwreck: 165745295 End City: 10387313 Slime: 987234911 Nether: 30084232 Mansion: 10387319 Fossil: 14357921 Portal: 34222645
[10:12:55] [Server thread/INFO]: Max TNT Explosions: 100
[10:12:55] [Server thread/INFO]: Tile Max Tick Time: 50ms Entity max Tick Time: 50ms
[10:12:55] [Server thread/INFO]: -------- World Settings For [minecraft:the_nether] --------
[10:12:55] [Server thread/INFO]: View Distance: 10
[10:12:55] [Server thread/INFO]: Simulation Distance: 10
[10:12:55] [Server thread/INFO]: Item Merge Radius: 2.5
[10:12:55] [Server thread/INFO]: Experience Merge Radius: 3.0
[10:12:55] [Server thread/INFO]: Mob Spawn Range: 6
[10:12:55] [Server thread/INFO]: Item Despawn Rate: 6000
[10:12:55] [Server thread/INFO]: Arrow Despawn Rate: 1200 Trident Despawn Rate:1200
[10:12:55] [Server thread/INFO]: Zombie Aggressive Towards Villager: true
[10:12:55] [Server thread/INFO]: Nerfing mobs spawned from spawners: false
[10:12:55] [Server thread/INFO]: Allow Zombie Pigmen to spawn from portal blocks: true
[10:12:55] [Server thread/INFO]: Cactus Growth Modifier: 100%
[10:12:55] [Server thread/INFO]: Cane Growth Modifier: 100%
[10:12:55] [Server thread/INFO]: Melon Growth Modifier: 100%
[10:12:55] [Server thread/INFO]: Mushroom Growth Modifier: 100%
[10:12:55] [Server thread/INFO]: Pumpkin Growth Modifier: 100%
[10:12:55] [Server thread/INFO]: Sapling Growth Modifier: 100%
[10:12:55] [Server thread/INFO]: Beetroot Growth Modifier: 100%
[10:12:55] [Server thread/INFO]: Carrot Growth Modifier: 100%
[10:12:55] [Server thread/INFO]: Potato Growth Modifier: 100%
[10:12:55] [Server thread/INFO]: TorchFlower Growth Modifier: 100%
[10:12:55] [Server thread/INFO]: Wheat Growth Modifier: 100%
[10:12:55] [Server thread/INFO]: NetherWart Growth Modifier: 100%
[10:12:55] [Server thread/INFO]: Vine Growth Modifier: 100%
[10:12:55] [Server thread/INFO]: Cocoa Growth Modifier: 100%
[10:12:55] [Server thread/INFO]: Bamboo Growth Modifier: 100%
[10:12:55] [Server thread/INFO]: SweetBerry Growth Modifier: 100%
[10:12:55] [Server thread/INFO]: Kelp Growth Modifier: 100%
[10:12:55] [Server thread/INFO]: TwistingVines Growth Modifier: 100%
[10:12:55] [Server thread/INFO]: WeepingVines Growth Modifier: 100%
[10:12:55] [Server thread/INFO]: CaveVines Growth Modifier: 100%
[10:12:55] [Server thread/INFO]: GlowBerry Growth Modifier: 100%
[10:12:55] [Server thread/INFO]: PitcherPlant Growth Modifier: 100%
[10:12:55] [Server thread/INFO]: Entity Activation Range: An 32 / Mo 32 / Ra 48 / Mi 16 / Tiv true / Isa false
[10:12:55] [Server thread/INFO]: Entity Tracking Range: Pl 48 / An 48 / Mo 48 / Mi 32 / Di 128 / Other 64
[10:12:55] [Server thread/INFO]: Hopper Transfer: 8 Hopper Check: 1 Hopper Amount: 1 Hopper Can Load Chunks: false
[10:12:55] [Server thread/INFO]: Custom Map Seeds:  Village: 10387312 Desert: 14357617 Igloo: 14357618 Jungle: 14357619 Swamp: 14357620 Monument: 10387313 Ocean: 14357621 Shipwreck: 165745295 End City: 10387313 Slime: 987234911 Nether: 30084232 Mansion: 10387319 Fossil: 14357921 Portal: 34222645
[10:12:55] [Server thread/INFO]: Max TNT Explosions: 100
[10:12:55] [Server thread/INFO]: Tile Max Tick Time: 50ms Entity max Tick Time: 50ms
[10:12:55] [Server thread/INFO]: -------- World Settings For [minecraft:the_end] --------
[10:12:55] [Server thread/INFO]: View Distance: 10
[10:12:55] [Server thread/INFO]: Simulation Distance: 10
[10:12:55] [Server thread/INFO]: Item Merge Radius: 2.5
[10:12:55] [Server thread/INFO]: Experience Merge Radius: 3.0
[10:12:55] [Server thread/INFO]: Mob Spawn Range: 6
[10:12:55] [Server thread/INFO]: Item Despawn Rate: 6000
[10:12:55] [Server thread/INFO]: Arrow Despawn Rate: 1200 Trident Despawn Rate:1200
[10:12:55] [Server thread/INFO]: Zombie Aggressive Towards Villager: true
[10:12:55] [Server thread/INFO]: Nerfing mobs spawned from spawners: false
[10:12:55] [Server thread/INFO]: Allow Zombie Pigmen to spawn from portal blocks: true
[10:12:55] [Server thread/INFO]: Cactus Growth Modifier: 100%
[10:12:55] [Server thread/INFO]: Cane Growth Modifier: 100%
[10:12:55] [Server thread/INFO]: Melon Growth Modifier: 100%
[10:12:55] [Server thread/INFO]: Mushroom Growth Modifier: 100%
[10:12:55] [Server thread/INFO]: Pumpkin Growth Modifier: 100%
[10:12:55] [Server thread/INFO]: Sapling Growth Modifier: 100%
[10:12:55] [Server thread/INFO]: Beetroot Growth Modifier: 100%
[10:12:55] [Server thread/INFO]: Carrot Growth Modifier: 100%
[10:12:55] [Server thread/INFO]: Potato Growth Modifier: 100%
[10:12:55] [Server thread/INFO]: TorchFlower Growth Modifier: 100%
[10:12:55] [Server thread/INFO]: Wheat Growth Modifier: 100%
[10:12:55] [Server thread/INFO]: NetherWart Growth Modifier: 100%
[10:12:55] [Server thread/INFO]: Vine Growth Modifier: 100%
[10:12:55] [Server thread/INFO]: Cocoa Growth Modifier: 100%
[10:12:55] [Server thread/INFO]: Bamboo Growth Modifier: 100%
[10:12:55] [Server thread/INFO]: SweetBerry Growth Modifier: 100%
[10:12:55] [Server thread/INFO]: Kelp Growth Modifier: 100%
[10:12:55] [Server thread/INFO]: TwistingVines Growth Modifier: 100%
[10:12:55] [Server thread/INFO]: WeepingVines Growth Modifier: 100%
[10:12:55] [Server thread/INFO]: CaveVines Growth Modifier: 100%
[10:12:55] [Server thread/INFO]: GlowBerry Growth Modifier: 100%
[10:12:55] [Server thread/INFO]: PitcherPlant Growth Modifier: 100%
[10:12:55] [Server thread/INFO]: Entity Activation Range: An 32 / Mo 32 / Ra 48 / Mi 16 / Tiv true / Isa false
[10:12:55] [Server thread/INFO]: Entity Tracking Range: Pl 48 / An 48 / Mo 48 / Mi 32 / Di 128 / Other 64
[10:12:55] [Server thread/INFO]: Hopper Transfer: 8 Hopper Check: 1 Hopper Amount: 1 Hopper Can Load Chunks: false
[10:12:55] [Server thread/INFO]: Custom Map Seeds:  Village: 10387312 Desert: 14357617 Igloo: 14357618 Jungle: 14357619 Swamp: 14357620 Monument: 10387313 Ocean: 14357621 Shipwreck: 165745295 End City: 10387313 Slime: 987234911 Nether: 30084232 Mansion: 10387319 Fossil: 14357921 Portal: 34222645
[10:12:55] [Server thread/INFO]: Max TNT Explosions: 100
[10:12:55] [Server thread/INFO]: Tile Max Tick Time: 50ms Entity max Tick Time: 50ms
[10:12:56] [Server thread/INFO]: Loading 0 persistent chunks for level 'minecraft:overworld'...
[10:12:56] [Server thread/INFO]: Preparing spawn area: 100%
[10:12:56] [Server thread/INFO]: Prepared spawn area in 1 ms
[10:12:56] [Server thread/INFO]: Loading 0 persistent chunks for level 'minecraft:the_nether'...
[10:12:56] [Server thread/INFO]: Preparing spawn area: 100%
[10:12:56] [Server thread/INFO]: Prepared spawn area in 3 ms
[10:12:56] [Server thread/INFO]: Loading 0 persistent chunks for level 'minecraft:the_end'...
[10:12:56] [Server thread/INFO]: Prepared spawn area in 1 ms
[10:12:56] [Server thread/INFO]: Done preparing level "world" (1.285s)
[10:12:56] [Server thread/INFO]: [PurrCore] Enabling PurrCore v1.0.0
[10:12:56] [Server thread/INFO]: [PurrCore] I18n loaded lang=en (8 keys)
[10:12:56] [Server thread/INFO]: [PurrCore] SQLite URL: jdbc:sqlite:/home/lucy/Documents/git/mcplugins/PurrSkills/server/plugins/PurrCore/database.db
[10:12:56] [Server thread/INFO]: [com.zaxxer.hikari.HikariDataSource] PurrCore-Hikari - Starting...
[10:12:56] [Server thread/INFO]: [com.zaxxer.hikari.pool.HikariPool] PurrCore-Hikari - Added connection org.sqlite.jdbc4.JDBC4Connection@565a05a9
[10:12:56] [Server thread/INFO]: [com.zaxxer.hikari.HikariDataSource] PurrCore-Hikari - Start completed.
[10:12:56] [Server thread/INFO]: [PurrCore] DB connected [sqlite] pool=1
[10:12:57] [Server thread/INFO]: [PurrCore] DB migrate done (PurrCore)
[10:12:57] [Server thread/INFO]: [PurrCore] PurrCore enabled (DB=ok) — use everywhere
[10:12:57] [Server thread/INFO]: [PurrSkills] Enabling PurrSkills v1.0.0
[10:12:57] [Server thread/INFO]: [PurrSkills] PurrSkills database tables initialized
[10:12:57] [Server thread/INFO]: [PurrSkills] Registered commands: /skills, /stats, /skillsmenu
[10:12:57] [Server thread/INFO]: [PurrSkills] Periodic autosave started (interval: 5min)
[10:12:57] [Server thread/INFO]: [PurrSkills] PurrSkills enabled - using PurrCore (DB=true)
[10:12:57] [Server thread/INFO]: [spark] Starting background profiler...
[10:12:59] [Server thread/INFO]: Saving chunks for level 'ServerLevel[world]'/minecraft:overworld
[10:12:59] [Server thread/INFO]: Saving chunks for level 'ServerLevel[world]'/minecraft:the_nether
[10:12:59] [Server thread/INFO]: Saving chunks for level 'ServerLevel[world]'/minecraft:the_end
[10:12:59] [Server thread/INFO]: ThreadedAnvilChunkStorage (world): All chunks are saved
[10:12:59] [Server thread/INFO]: ThreadedAnvilChunkStorage (DIM-1): All chunks are saved
[10:12:59] [Server thread/INFO]: ThreadedAnvilChunkStorage (DIM1): All chunks are saved
[10:12:59] [Server thread/INFO]: ThreadedAnvilChunkStorage: All dimensions are saved
[10:12:59] [Server thread/INFO]: Running delayed init tasks
[10:12:59] [Server thread/INFO]: Done (32.041s)! For help, type "help"
[10:15:12] [Server thread/INFO]: Stopping server
[10:15:12] [Server thread/INFO]: [PurrSkills] Disabling PurrSkills v1.0.0
[10:15:12] [Server thread/INFO]: [PurrSkills] Saving all player skills...
[10:15:12] [Server thread/INFO]: [PurrSkills] Saved skills for 0 players
[10:15:12] [Server thread/INFO]: [PurrSkills] PurrSkills disabled
[10:15:12] [Server thread/INFO]: [PurrCore] Disabling PurrCore v1.0.0
[10:15:12] [Server thread/INFO]: [com.zaxxer.hikari.HikariDataSource] PurrCore-Hikari - Shutdown initiated...
[10:15:12] [Server thread/INFO]: [com.zaxxer.hikari.HikariDataSource] PurrCore-Hikari - Shutdown completed.
[10:15:12] [Server thread/INFO]: [PurrCore] DB pool closed
[10:15:12] [Server thread/INFO]: [PurrCore] PurrCore disabled
[10:15:12] [Server thread/INFO]: Saving players
[10:15:12] [Server thread/INFO]: Saving worlds
[10:15:12] [Server thread/INFO]: Saving chunks for level 'ServerLevel[world]'/minecraft:overworld
[10:15:12] [Server thread/INFO]: [ChunkHolderManager] Waiting 60s for chunk system to halt for world 'minecraft:overworld'
[10:15:12] [Server thread/INFO]: [ChunkHolderManager] Halted chunk system for world 'minecraft:overworld'
[10:15:12] [Server thread/INFO]: [ChunkHolderManager] Saving all chunkholders for world 'minecraft:overworld'
[10:15:12] [Server thread/INFO]: [ChunkHolderManager] Saved 0 block chunks, 0 entity chunks, 0 poi chunks in world 'minecraft:overworld' in 0.00s
[10:15:12] [Server thread/INFO]: [ChunkHolderManager] Waiting 60s for chunk I/O to halt for world 'minecraft:overworld'
[10:15:12] [Server thread/INFO]: [ChunkHolderManager] Halted I/O scheduler for world 'minecraft:overworld'
[10:15:12] [Server thread/INFO]: Saving chunks for level 'ServerLevel[world]'/minecraft:the_nether
[10:15:12] [Server thread/INFO]: [ChunkHolderManager] Waiting 60s for chunk system to halt for world 'minecraft:the_nether'
[10:15:12] [Server thread/INFO]: [ChunkHolderManager] Halted chunk system for world 'minecraft:the_nether'
[10:15:12] [Server thread/INFO]: [ChunkHolderManager] Saving all chunkholders for world 'minecraft:the_nether'
[10:15:12] [Server thread/INFO]: [ChunkHolderManager] Saved 0 block chunks, 0 entity chunks, 0 poi chunks in world 'minecraft:the_nether' in 0.00s
[10:15:12] [Server thread/INFO]: [ChunkHolderManager] Waiting 60s for chunk I/O to halt for world 'minecraft:the_nether'
[10:15:12] [Server thread/INFO]: [ChunkHolderManager] Halted I/O scheduler for world 'minecraft:the_nether'
[10:15:12] [Server thread/INFO]: Saving chunks for level 'ServerLevel[world]'/minecraft:the_end
[10:15:12] [Server thread/INFO]: [ChunkHolderManager] Waiting 60s for chunk system to halt for world 'minecraft:the_end'
[10:15:12] [Server thread/INFO]: [ChunkHolderManager] Halted chunk system for world 'minecraft:the_end'
[10:15:12] [Server thread/INFO]: [ChunkHolderManager] Saving all chunkholders for world 'minecraft:the_end'
[10:15:12] [Server thread/INFO]: [ChunkHolderManager] Saved 0 block chunks, 0 entity chunks, 0 poi chunks in world 'minecraft:the_end' in 0.00s
[10:15:12] [Server thread/INFO]: [ChunkHolderManager] Waiting 60s for chunk I/O to halt for world 'minecraft:the_end'
[10:15:12] [Server thread/INFO]: [ChunkHolderManager] Halted I/O scheduler for world 'minecraft:the_end'
[10:15:12] [Server thread/INFO]: ThreadedAnvilChunkStorage (world): All chunks are saved
[10:15:12] [Server thread/INFO]: ThreadedAnvilChunkStorage (DIM-1): All chunks are saved
[10:15:12] [Server thread/INFO]: ThreadedAnvilChunkStorage (DIM1): All chunks are saved
[10:15:12] [Server thread/INFO]: ThreadedAnvilChunkStorage: All dimensions are saved
[10:15:12] [Server thread/INFO]: Waiting for all RegionFile I/O tasks to complete...
[10:15:12] [Server thread/INFO]: All RegionFile I/O tasks to complete
[10:15:12] [Server thread/INFO]: [MoonriseCommon] Awaiting termination of worker pool for up to 60s...
[10:15:12] [Server thread/INFO]: [MoonriseCommon] Awaiting termination of I/O pool for up to 60s...
