Unbundling libraries to /home/lucy/Documents/git/mcplugins/PurrSkills/server/bundler
Starting server
Loading libraries, please wait...
[09:44:00] [ServerMain/WARN]: Did not find udev library in operating system. Some features may not work.
[09:44:33] [ServerMain/INFO]: Environment: Environment[sessionHost=https://sessionserver.mojang.com, servicesHost=https://api.minecraftservices.com, name=PROD]
[09:44:34] [ServerMain/INFO]: Found new data pack file/bukkit, loading it automatically
[09:44:40] [ServerMain/INFO]: No existing world data, creating new world
[09:44:43] [ServerMain/INFO]: Loaded 1290 recipes
[09:44:00] [ServerMain/WARN]: Did not find udev library in operating system. Some features may not work.
[09:44:33] [ServerMain/INFO]: Environment: Environment[sessionHost=https://sessionserver.mojang.com, servicesHost=https://api.minecraftservices.com, name=PROD]
[09:44:34] [ServerMain/INFO]: Found new data pack file/bukkit, loading it automatically
[09:44:40] [ServerMain/INFO]: No existing world data, creating new world
[09:44:43] [ServerMain/INFO]: Loaded 1290 recipes
[09:44:49] [Server thread/INFO]: Starting minecraft server version 1.21.1
[09:44:49] [Server thread/INFO]: Loading properties
[09:44:50] [Server thread/INFO]: This server is running CraftBukkit version 4344-Spigot-a759b62-19bf846 (MC: 1.21.1) (Implementing API version 1.21.1-R0.1-SNAPSHOT)
[09:44:54] [Server thread/INFO]: *** This version of Spigot contains changes to some enums. If you notice that plugins no longer work after updating, please report this to the developers of those plugins first. ***
[09:44:54] [Server thread/INFO]: *** If you cannot update those plugins, you can try setting `settings.compatibility.enum-compatibility-mode` to `true` in `bukkit.yml`. ***
[09:44:54] [Server thread/INFO]: Server Ping Player Sample Count: 12
[09:44:54] [Server thread/INFO]: Using 4 threads for Netty based IO
[09:44:54] [Server thread/INFO]: Debug logging is disabled
[09:44:54] [Server thread/INFO]: Default game type: SURVIVAL
[09:44:54] [Server thread/INFO]: Generating keypair
[09:44:55] [Server thread/INFO]: Starting Minecraft server on *:25565
[09:44:55] [Server thread/INFO]: Using epoll channel type
[09:44:56] [Server thread/INFO]: [PurrCore] Loading PurrCore v1.0.0
[09:44:56] [Server thread/INFO]: [PurrSkills] Loading PurrSkills v1.0.0
[09:44:56] [Server thread/INFO]: Preparing level "world"
[09:44:56] [Server thread/INFO]: -------- World Settings For [world] --------
[09:44:56] [Server thread/INFO]: Mob Spawn Range: 6
[09:44:56] [Server thread/INFO]: Experience Merge Radius: 3.0
[09:44:56] [Server thread/INFO]: Custom Map Seeds:  Village: 10387312 Desert: 14357617 Igloo: 14357618 Jungle: 14357619 Swamp: 14357620 Monument: 10387313 Ocean: 14357621 Shipwreck: 165745295 End City: 10387313 Slime: 987234911 Nether: 30084232 Mansion: 10387319 Fossil: 14357921 Portal: 34222645
[09:44:56] [Server thread/INFO]: Max TNT Explosions: 100
[09:44:56] [Server thread/INFO]: Tile Max Tick Time: 50ms Entity max Tick Time: 50ms
[09:44:56] [Server thread/INFO]: Cactus Growth Modifier: 100%
[09:44:56] [Server thread/INFO]: Cane Growth Modifier: 100%
[09:44:56] [Server thread/INFO]: Melon Growth Modifier: 100%
[09:44:56] [Server thread/INFO]: Mushroom Growth Modifier: 100%
[09:44:56] [Server thread/INFO]: Pumpkin Growth Modifier: 100%
[09:44:56] [Server thread/INFO]: Sapling Growth Modifier: 100%
[09:44:56] [Server thread/INFO]: Beetroot Growth Modifier: 100%
[09:44:56] [Server thread/INFO]: Carrot Growth Modifier: 100%
[09:44:56] [Server thread/INFO]: Potato Growth Modifier: 100%
[09:44:56] [Server thread/INFO]: Wheat Growth Modifier: 100%
[09:44:56] [Server thread/INFO]: NetherWart Growth Modifier: 100%
[09:44:56] [Server thread/INFO]: Vine Growth Modifier: 100%
[09:44:56] [Server thread/INFO]: Cocoa Growth Modifier: 100%
[09:44:56] [Server thread/INFO]: Bamboo Growth Modifier: 100%
[09:44:56] [Server thread/INFO]: SweetBerry Growth Modifier: 100%
[09:44:56] [Server thread/INFO]: Kelp Growth Modifier: 100%
[09:44:56] [Server thread/INFO]: TwistingVines Growth Modifier: 100%
[09:44:56] [Server thread/INFO]: WeepingVines Growth Modifier: 100%
[09:44:56] [Server thread/INFO]: CaveVines Growth Modifier: 100%
[09:44:56] [Server thread/INFO]: Entity Activation Range: An 32 / Mo 32 / Ra 48 / Mi 16 / Tiv true / Isa false
[09:44:56] [Server thread/INFO]: Entity Tracking Range: Pl 48 / An 48 / Mo 48 / Mi 32 / Di 128 / Other 64
[09:44:56] [Server thread/INFO]: Hopper Transfer: 8 Hopper Check: 1 Hopper Amount: 1 Hopper Can Load Chunks: false
[09:44:56] [Server thread/INFO]: Arrow Despawn Rate: 1200 Trident Respawn Rate:1200
[09:44:56] [Server thread/INFO]: View Distance: 10
[09:44:56] [Server thread/INFO]: Simulation Distance: 10
[09:44:56] [Server thread/INFO]: Item Despawn Rate: 6000
[09:44:56] [Server thread/INFO]: Item Merge Radius: 2.5
[09:44:56] [Server thread/INFO]: Nerfing mobs spawned from spawners: false
[09:44:56] [Server thread/INFO]: Allow Zombie Pigmen to spawn from portal blocks: true
[09:44:56] [Server thread/INFO]: Zombie Aggressive Towards Villager: true
[09:45:07] [Server thread/INFO]: -------- World Settings For [world_nether] --------
[09:45:07] [Server thread/INFO]: Mob Spawn Range: 6
[09:45:07] [Server thread/INFO]: Experience Merge Radius: 3.0
[09:45:07] [Server thread/INFO]: Custom Map Seeds:  Village: 10387312 Desert: 14357617 Igloo: 14357618 Jungle: 14357619 Swamp: 14357620 Monument: 10387313 Ocean: 14357621 Shipwreck: 165745295 End City: 10387313 Slime: 987234911 Nether: 30084232 Mansion: 10387319 Fossil: 14357921 Portal: 34222645
[09:45:07] [Server thread/INFO]: Max TNT Explosions: 100
[09:45:07] [Server thread/INFO]: Tile Max Tick Time: 50ms Entity max Tick Time: 50ms
[09:45:07] [Server thread/INFO]: Cactus Growth Modifier: 100%
[09:45:07] [Server thread/INFO]: Cane Growth Modifier: 100%
[09:45:07] [Server thread/INFO]: Melon Growth Modifier: 100%
[09:45:07] [Server thread/INFO]: Mushroom Growth Modifier: 100%
[09:45:07] [Server thread/INFO]: Pumpkin Growth Modifier: 100%
[09:45:07] [Server thread/INFO]: Sapling Growth Modifier: 100%
[09:45:07] [Server thread/INFO]: Beetroot Growth Modifier: 100%
[09:45:07] [Server thread/INFO]: Carrot Growth Modifier: 100%
[09:45:07] [Server thread/INFO]: Potato Growth Modifier: 100%
[09:45:07] [Server thread/INFO]: Wheat Growth Modifier: 100%
[09:45:07] [Server thread/INFO]: NetherWart Growth Modifier: 100%
[09:45:07] [Server thread/INFO]: Vine Growth Modifier: 100%
[09:45:07] [Server thread/INFO]: Cocoa Growth Modifier: 100%
[09:45:07] [Server thread/INFO]: Bamboo Growth Modifier: 100%
[09:45:07] [Server thread/INFO]: SweetBerry Growth Modifier: 100%
[09:45:07] [Server thread/INFO]: Kelp Growth Modifier: 100%
[09:45:07] [Server thread/INFO]: TwistingVines Growth Modifier: 100%
[09:45:07] [Server thread/INFO]: WeepingVines Growth Modifier: 100%
[09:45:07] [Server thread/INFO]: CaveVines Growth Modifier: 100%
[09:45:07] [Server thread/INFO]: Entity Activation Range: An 32 / Mo 32 / Ra 48 / Mi 16 / Tiv true / Isa false
[09:45:07] [Server thread/INFO]: Entity Tracking Range: Pl 48 / An 48 / Mo 48 / Mi 32 / Di 128 / Other 64
[09:45:07] [Server thread/INFO]: Hopper Transfer: 8 Hopper Check: 1 Hopper Amount: 1 Hopper Can Load Chunks: false
[09:45:07] [Server thread/INFO]: Arrow Despawn Rate: 1200 Trident Respawn Rate:1200
[09:45:07] [Server thread/INFO]: View Distance: 10
[09:45:07] [Server thread/INFO]: Simulation Distance: 10
[09:45:07] [Server thread/INFO]: Item Despawn Rate: 6000
[09:45:07] [Server thread/INFO]: Item Merge Radius: 2.5
[09:45:07] [Server thread/INFO]: Nerfing mobs spawned from spawners: false
[09:45:07] [Server thread/INFO]: Allow Zombie Pigmen to spawn from portal blocks: true
[09:45:07] [Server thread/INFO]: Zombie Aggressive Towards Villager: true
[09:45:08] [Server thread/INFO]: -------- World Settings For [world_the_end] --------
[09:45:08] [Server thread/INFO]: Mob Spawn Range: 6
[09:45:08] [Server thread/INFO]: Experience Merge Radius: 3.0
[09:45:08] [Server thread/INFO]: Custom Map Seeds:  Village: 10387312 Desert: 14357617 Igloo: 14357618 Jungle: 14357619 Swamp: 14357620 Monument: 10387313 Ocean: 14357621 Shipwreck: 165745295 End City: 10387313 Slime: 987234911 Nether: 30084232 Mansion: 10387319 Fossil: 14357921 Portal: 34222645
[09:45:08] [Server thread/INFO]: Max TNT Explosions: 100
[09:45:08] [Server thread/INFO]: Tile Max Tick Time: 50ms Entity max Tick Time: 50ms
[09:45:08] [Server thread/INFO]: Cactus Growth Modifier: 100%
[09:45:08] [Server thread/INFO]: Cane Growth Modifier: 100%
[09:45:08] [Server thread/INFO]: Melon Growth Modifier: 100%
[09:45:08] [Server thread/INFO]: Mushroom Growth Modifier: 100%
[09:45:08] [Server thread/INFO]: Pumpkin Growth Modifier: 100%
[09:45:08] [Server thread/INFO]: Sapling Growth Modifier: 100%
[09:45:08] [Server thread/INFO]: Beetroot Growth Modifier: 100%
[09:45:08] [Server thread/INFO]: Carrot Growth Modifier: 100%
[09:45:08] [Server thread/INFO]: Potato Growth Modifier: 100%
[09:45:08] [Server thread/INFO]: Wheat Growth Modifier: 100%
[09:45:08] [Server thread/INFO]: NetherWart Growth Modifier: 100%
[09:45:08] [Server thread/INFO]: Vine Growth Modifier: 100%
[09:45:08] [Server thread/INFO]: Cocoa Growth Modifier: 100%
[09:45:08] [Server thread/INFO]: Bamboo Growth Modifier: 100%
[09:45:08] [Server thread/INFO]: SweetBerry Growth Modifier: 100%
[09:45:08] [Server thread/INFO]: Kelp Growth Modifier: 100%
[09:45:08] [Server thread/INFO]: TwistingVines Growth Modifier: 100%
[09:45:08] [Server thread/INFO]: WeepingVines Growth Modifier: 100%
[09:45:08] [Server thread/INFO]: CaveVines Growth Modifier: 100%
[09:45:08] [Server thread/INFO]: Entity Activation Range: An 32 / Mo 32 / Ra 48 / Mi 16 / Tiv true / Isa false
[09:45:08] [Server thread/INFO]: Entity Tracking Range: Pl 48 / An 48 / Mo 48 / Mi 32 / Di 128 / Other 64
[09:45:08] [Server thread/INFO]: Hopper Transfer: 8 Hopper Check: 1 Hopper Amount: 1 Hopper Can Load Chunks: false
[09:45:08] [Server thread/INFO]: Arrow Despawn Rate: 1200 Trident Respawn Rate:1200
[09:45:08] [Server thread/INFO]: View Distance: 10
[09:45:08] [Server thread/INFO]: Simulation Distance: 10
[09:45:08] [Server thread/INFO]: Item Despawn Rate: 6000
[09:45:08] [Server thread/INFO]: Item Merge Radius: 2.5
[09:45:08] [Server thread/INFO]: Nerfing mobs spawned from spawners: false
[09:45:08] [Server thread/INFO]: Allow Zombie Pigmen to spawn from portal blocks: true
[09:45:08] [Server thread/INFO]: Zombie Aggressive Towards Villager: true
[09:45:08] [Server thread/INFO]: Preparing start region for dimension minecraft:overworld
[09:45:09] [Worker-Main-1/INFO]: Preparing spawn area: 2%
[09:45:09] [Worker-Main-2/INFO]: Preparing spawn area: 4%
[09:45:09] [Worker-Main-1/INFO]: Preparing spawn area: 51%
[09:45:10] [Worker-Main-1/INFO]: Preparing spawn area: 51%
[09:45:10] [Worker-Main-1/INFO]: Preparing spawn area: 51%
[09:45:11] [Worker-Main-1/INFO]: Preparing spawn area: 51%
[09:45:11] [Worker-Main-1/INFO]: Preparing spawn area: 51%
[09:45:12] [Worker-Main-1/INFO]: Preparing spawn area: 51%
[09:45:12] [Worker-Main-3/INFO]: Preparing spawn area: 51%
[09:45:14] [Worker-Main-2/INFO]: Preparing spawn area: 51%
[09:45:14] [Worker-Main-2/INFO]: Preparing spawn area: 51%
[09:45:15] [Worker-Main-2/INFO]: Preparing spawn area: 51%
[09:45:15] [Worker-Main-2/INFO]: Preparing spawn area: 51%
[09:45:15] [Worker-Main-3/INFO]: Preparing spawn area: 51%
[09:45:15] [Worker-Main-1/INFO]: Preparing spawn area: 51%
[09:45:16] [Worker-Main-2/INFO]: Preparing spawn area: 51%
[09:45:16] [Worker-Main-2/INFO]: Preparing spawn area: 51%
[09:45:17] [Worker-Main-2/INFO]: Preparing spawn area: 51%
